<!DOCTYPE html>
<html>
	<head>
		<link rel="stylesheet" href="style/style.css" />
		<title>New Test Page</title>
	</head>
	<body>
		<section>
			<h1>Test</h1>
			<p>This is some test text</p>
		</section>
			<img src="img/golden.jpg" alt="golden retriever"/>
	</body>

	<footer>
		Copyright &copy; 2017 UIndy
	</footer>
</html>